// Jest Snapshot v1, https://goo.gl/fbAQLP

exports[`[Edit draft]  Form data to edit draft 1`] = `
Object {
  "bccEmails": Array [
    "bccUser@criptext.com",
  ],
  "ccEmails": Array [
    "ccUser@criptext.com",
  ],
  "htmlBody": "<p>Modified body content</p>",
  "textSubject": "Email subject 1",
  "threadId": "1",
  "toEmails": Array [
    "toUser@criptext.com",
  ],
}
`;

exports[`[Form outgoing email]  Should form outgoing email from data 1`] = `
Object {
  "body": "<p>Hello</p>",
  "criptextRecipients": Array [
    Object {
      "recipientId": "toUser",
      "type": "to",
    },
    Object {
      "recipientId": "ccUser",
      "type": "cc",
    },
    Object {
      "recipientId": "bccUser",
      "type": "bcc",
    },
  ],
  "emailData": Object {
    "email": Object {
      "content": "<p>Hello</p>",
      "date": 1524861748481,
      "isMuted": false,
      "key": 1524861748481,
      "preview": "Hello",
      "secure": true,
      "status": 4,
      "subject": "Subject",
      "threadId": undefined,
      "unread": false,
    },
    "fileKeyParams": null,
    "labels": Array [
      6,
    ],
    "recipients": Object {
      "bcc": Array [
        "bccUser@criptext.com",
      ],
      "cc": Array [
        "ccUser@criptext.com",
      ],
      "from": Array [
        "julian@criptext.com",
      ],
      "to": Array [
        "toUser@criptext.com",
      ],
    },
  },
  "externalRecipients": Object {
    "bcc": Array [],
    "cc": Array [],
    "to": Array [],
  },
}
`;

exports[`[Reply, Reply-all, Forward]  Form data to forward 1`] = `
Object {
  "bccEmails": Array [],
  "ccEmails": Array [],
  "htmlBody": "<p>Modified body content</p>",
  "textSubject": "FW: Email subject 1",
  "threadId": undefined,
  "toEmails": Array [],
}
`;

exports[`[Reply, Reply-all, Forward]  Form data to reply email 1`] = `
Object {
  "bccEmails": Array [],
  "ccEmails": Array [],
  "htmlBody": "<p>Modified body content</p>",
  "textSubject": "RE: Email subject 1",
  "threadId": "1",
  "toEmails": Array [
    Object {
      "email": "fromUser@criptext.com",
    },
  ],
}
`;

exports[`[Reply, Reply-all, Forward]  Form data to reply-all 1`] = `
Object {
  "bccEmails": Array [],
  "ccEmails": Array [
    Object {
      "email": "ccUser@criptext.com",
    },
    Object {
      "email": "toUser@criptext.com",
    },
  ],
  "htmlBody": "<p>Modified body content</p>",
  "textSubject": "RE: Email subject 1",
  "threadId": "1",
  "toEmails": Array [
    Object {
      "email": "fromUser@criptext.com",
    },
  ],
}
`;
